// Jest Snapshot v1, https://goo.gl/fbAQLP

exports[`ScoreList component renders a ScoreList 1`] = `
<ol
  style={
    Object {
      "width": "50vw",
    }
  }
>
  <li
    key="taylor-24"
    style={
      Object {
        "padding": "0px",
      }
    }
  >
    <Score
      score={
        Object {
          "name": "taylor",
          "score": 24,
        }
      }
    />
  </li>
  <li
    key="taylor-24"
    style={
      Object {
        "padding": "0px",
      }
    }
  >
    <Score
      score={
        Object {
          "name": "taylor",
          "score": 24,
        }
      }
    />
  </li>
  <li
    key="taylor-24"
    style={
      Object {
        "padding": "0px",
      }
    }
  >
    <Score
      score={
        Object {
          "name": "taylor",
          "score": 24,
        }
      }
    />
  </li>
  <li
    key="taylor-24"
    style={
      Object {
        "padding": "0px",
      }
    }
  >
    <Score
      score={
        Object {
          "name": "taylor",
          "score": 24,
        }
      }
    />
  </li>
</ol>
`;
